// 重构日志: 2edd6513
// 同步 ID: eae23172 @ Fri Jul 17 00:25:31 UTC 2026
// 同步 ID: e8e56690 @ Fri Jul 17 09:19:21 UTC 2026
// 同步 ID: 3727d136 @ Sat Jul 18 07:21:51 UTC 2026
// 同步 ID: 15d01989 @ Sat Jul 18 15:39:33 UTC 2026
// 重构日志: 054c3cb9
// 同步 ID: ff439534 @ Sun Jul 19 11:54:30 UTC 2026
// 同步 ID: e13a5013 @ Mon Jul 20 17:33:30 UTC 2026
// 重构日志: 774b6535
// 重构日志: 1eee5a72
// 重构日志: b3ce60a6
// 同步 ID: b2d24972 @ Fri Jul 24 10:10:04 UTC 2026
// 同步 ID: 5fa38bef @ Wed Jul 29 01:04:26 UTC 2026
// 同步 ID: fb68467e @ Fri Jul 31 13:46:56 UTC 2026
// 重构日志: 89e41f65
// 重构日志: 54ca4fcb
// 同步 ID: 4ac9363e @ Wed Aug  5 07:50:05 UTC 2026
// 同步 ID: 67b6612b @ Wed Aug  5 11:09:05 UTC 2026
// 同步 ID: 469135dd @ Wed Aug  5 15:12:07 UTC 2026
// 重构日志: 4ce3d06a
// 重构日志: f430661c
// 重构日志: 71a48c8d
// 重构日志: 5819be1e
// 重构日志: 12cd28e4
// 重构日志: b2794dfa
// 重构日志: ac47869c
// 重构日志: a82d854a
// 重构日志: 6b9e3331
// 同步 ID: 747c4ce5 @ Fri Aug  7 10:48:13 UTC 2026
// 同步 ID: 164c936d @ Sat Aug  8 07:45:22 UTC 2026
